2025-06-21 18:29:16,532 - INFO - 管理员登录成功，已获取令牌。
2025-06-21 18:29:16,574 - INFO - 从数据库成功获取到 101 个用户。
2025-06-21 18:29:16,575 - INFO - 准备为用户 'admin' 创建 1 个订单。
2025-06-21 18:29:16,585 - INFO - 成功为用户 'admin' 创建了订单 #1 (订单号: D86MRKYB3BMP)。
2025-06-21 18:29:16,585 - INFO - 准备为用户 'xueguiying' 创建 4 个订单。
2025-06-21 18:29:16,593 - INFO - 成功为用户 'xueguiying' 创建了订单 #1 (订单号: 03DP95NXFR2P)。
2025-06-21 18:29:16,602 - INFO - 成功为用户 'xueguiying' 创建了订单 #2 (订单号: X1P07BMM3UJC)。
2025-06-21 18:29:16,612 - INFO - 成功为用户 'xueguiying' 创建了订单 #3 (订单号: 17LE9D6DUPOC)。
2025-06-21 18:29:16,621 - INFO - 成功为用户 'xueguiying' 创建了订单 #4 (订单号: YY8O4TZKY780)。
2025-06-21 18:29:16,621 - INFO - 准备为用户 'gangzheng' 创建 4 个订单。
2025-06-21 18:29:16,630 - INFO - 成功为用户 'gangzheng' 创建了订单 #1 (订单号: FAK9MI26A8SY)。
2025-06-21 18:29:16,639 - INFO - 成功为用户 'gangzheng' 创建了订单 #2 (订单号: LLUMVMWEPO45)。
2025-06-21 18:29:16,647 - INFO - 成功为用户 'gangzheng' 创建了订单 #3 (订单号: V64DLQUV9DA8)。
2025-06-21 18:29:16,657 - INFO - 成功为用户 'gangzheng' 创建了订单 #4 (订单号: NX4M3C3TN86F)。
2025-06-21 18:29:16,657 - INFO - 准备为用户 'na44' 创建 2 个订单。
2025-06-21 18:29:16,666 - INFO - 成功为用户 'na44' 创建了订单 #1 (订单号: GIANL5U7SLG9)。
2025-06-21 18:29:16,676 - INFO - 成功为用户 'na44' 创建了订单 #2 (订单号: 03VG721RR97A)。
2025-06-21 18:29:16,676 - INFO - 准备为用户 'ytao' 创建 3 个订单。
2025-06-21 18:29:16,686 - INFO - 成功为用户 'ytao' 创建了订单 #1 (订单号: LXTD98T778QV)。
2025-06-21 18:29:16,696 - INFO - 成功为用户 'ytao' 创建了订单 #2 (订单号: F1YXU1CE77D0)。
2025-06-21 18:29:16,706 - INFO - 成功为用户 'ytao' 创建了订单 #3 (订单号: IIF1T0VZJ85L)。
2025-06-21 18:29:16,706 - INFO - 准备为用户 'natan' 创建 2 个订单。
2025-06-21 18:29:16,715 - INFO - 成功为用户 'natan' 创建了订单 #1 (订单号: 3HDYV1JY57SL)。
2025-06-21 18:29:16,724 - INFO - 成功为用户 'natan' 创建了订单 #2 (订单号: 58WT3B3MQ8IA)。
2025-06-21 18:29:16,724 - INFO - 准备为用户 'fsong' 创建 3 个订单。
2025-06-21 18:29:16,734 - INFO - 成功为用户 'fsong' 创建了订单 #1 (订单号: 4GRWNZ0PM1V8)。
2025-06-21 18:29:16,743 - INFO - 成功为用户 'fsong' 创建了订单 #2 (订单号: Q7R5M2HFA2CU)。
2025-06-21 18:29:16,753 - INFO - 成功为用户 'fsong' 创建了订单 #3 (订单号: ZY3BYQQJWL65)。
2025-06-21 18:29:16,753 - INFO - 准备为用户 'yanshen' 创建 4 个订单。
2025-06-21 18:29:16,763 - INFO - 成功为用户 'yanshen' 创建了订单 #1 (订单号: ZL6GXN7BZSU4)。
2025-06-21 18:29:16,772 - INFO - 成功为用户 'yanshen' 创建了订单 #2 (订单号: L738UKD5I66W)。
2025-06-21 18:29:16,781 - INFO - 成功为用户 'yanshen' 创建了订单 #3 (订单号: W27Z6PITZMCO)。
2025-06-21 18:29:16,790 - INFO - 成功为用户 'yanshen' 创建了订单 #4 (订单号: NNJZALLT6KI4)。
2025-06-21 18:29:16,790 - INFO - 准备为用户 'yangdu' 创建 3 个订单。
2025-06-21 18:29:16,800 - INFO - 成功为用户 'yangdu' 创建了订单 #1 (订单号: JOK9V93Q1RWS)。
2025-06-21 18:29:16,811 - INFO - 成功为用户 'yangdu' 创建了订单 #2 (订单号: BNY2TLCKMJUT)。
2025-06-21 18:29:16,820 - INFO - 成功为用户 'yangdu' 创建了订单 #3 (订单号: CYR2KI20470D)。
2025-06-21 18:29:16,820 - INFO - 准备为用户 'sqiu' 创建 1 个订单。
2025-06-21 18:29:16,829 - INFO - 成功为用户 'sqiu' 创建了订单 #1 (订单号: FX0CIP0FKZ2B)。
2025-06-21 18:29:16,829 - INFO - 准备为用户 'baiguiying' 创建 4 个订单。
2025-06-21 18:29:16,838 - INFO - 成功为用户 'baiguiying' 创建了订单 #1 (订单号: QW3ZQNNIYFRI)。
2025-06-21 18:29:16,849 - INFO - 成功为用户 'baiguiying' 创建了订单 #2 (订单号: GCYZVLEPPQJZ)。
2025-06-21 18:29:16,859 - INFO - 成功为用户 'baiguiying' 创建了订单 #3 (订单号: ZIIPUBVNL5LF)。
2025-06-21 18:29:16,869 - INFO - 成功为用户 'baiguiying' 创建了订单 #4 (订单号: Z7R5E58WFOR8)。
2025-06-21 18:29:16,869 - INFO - 准备为用户 'rwen' 创建 1 个订单。
2025-06-21 18:29:16,880 - INFO - 成功为用户 'rwen' 创建了订单 #1 (订单号: 4AM8SVDNUCYY)。
2025-06-21 18:29:16,880 - INFO - 准备为用户 'huangming' 创建 2 个订单。
2025-06-21 18:29:16,892 - INFO - 成功为用户 'huangming' 创建了订单 #1 (订单号: OGOEI46H6M3Q)。
2025-06-21 18:29:16,903 - INFO - 成功为用户 'huangming' 创建了订单 #2 (订单号: VRBX6YQ1M307)。
2025-06-21 18:29:16,903 - INFO - 准备为用户 'qiangshi' 创建 2 个订单。
2025-06-21 18:29:16,914 - INFO - 成功为用户 'qiangshi' 创建了订单 #1 (订单号: ZOK3BBO0XIM4)。
2025-06-21 18:29:16,924 - INFO - 成功为用户 'qiangshi' 创建了订单 #2 (订单号: K42DES4WBZ8K)。
2025-06-21 18:29:16,924 - INFO - 准备为用户 'gang46' 创建 3 个订单。
2025-06-21 18:29:16,935 - INFO - 成功为用户 'gang46' 创建了订单 #1 (订单号: QUZGJXEC1X00)。
2025-06-21 18:29:16,948 - INFO - 成功为用户 'gang46' 创建了订单 #2 (订单号: F0QYTAWVGRPX)。
2025-06-21 18:29:16,960 - INFO - 成功为用户 'gang46' 创建了订单 #3 (订单号: XH73DQB3U5EC)。
2025-06-21 18:29:16,961 - INFO - 准备为用户 'ihe' 创建 3 个订单。
2025-06-21 18:29:16,970 - INFO - 成功为用户 'ihe' 创建了订单 #1 (订单号: WC3YWO4Q3WMN)。
2025-06-21 18:29:16,981 - INFO - 成功为用户 'ihe' 创建了订单 #2 (订单号: UK70NXVBVJP3)。
2025-06-21 18:29:17,001 - INFO - 成功为用户 'ihe' 创建了订单 #3 (订单号: YWXOILGSUZB6)。
2025-06-21 18:29:17,001 - INFO - 准备为用户 'yangren' 创建 4 个订单。
2025-06-21 18:29:17,013 - INFO - 成功为用户 'yangren' 创建了订单 #1 (订单号: FVRYAE90SSBQ)。
2025-06-21 18:29:17,022 - INFO - 成功为用户 'yangren' 创建了订单 #2 (订单号: 31I6JJC4WBJW)。
2025-06-21 18:29:17,030 - INFO - 成功为用户 'yangren' 创建了订单 #3 (订单号: 0RFSO6XBEMWI)。
2025-06-21 18:29:17,041 - INFO - 成功为用户 'yangren' 创建了订单 #4 (订单号: FS5LFOUBU7EL)。
2025-06-21 18:29:17,041 - INFO - 准备为用户 'juanshao' 创建 4 个订单。
2025-06-21 18:29:17,054 - INFO - 成功为用户 'juanshao' 创建了订单 #1 (订单号: QWYLI3BF8WC7)。
2025-06-21 18:29:17,064 - INFO - 成功为用户 'juanshao' 创建了订单 #2 (订单号: 2X3G5V4BZVLU)。
2025-06-21 18:29:17,076 - INFO - 成功为用户 'juanshao' 创建了订单 #3 (订单号: J1RUG0L6DBKO)。
2025-06-21 18:29:17,086 - INFO - 成功为用户 'juanshao' 创建了订单 #4 (订单号: 4V02O5AFAXZA)。
2025-06-21 18:29:17,086 - INFO - 准备为用户 'xiaogang' 创建 2 个订单。
2025-06-21 18:29:17,096 - INFO - 成功为用户 'xiaogang' 创建了订单 #1 (订单号: GREEBLZO4SBY)。
2025-06-21 18:29:17,106 - INFO - 成功为用户 'xiaogang' 创建了订单 #2 (订单号: U0TR8JLO5PZ3)。
2025-06-21 18:29:17,107 - INFO - 准备为用户 'gangding' 创建 3 个订单。
2025-06-21 18:29:17,117 - INFO - 成功为用户 'gangding' 创建了订单 #1 (订单号: WII73NXUMJ5K)。
2025-06-21 18:29:17,128 - INFO - 成功为用户 'gangding' 创建了订单 #2 (订单号: JNMYQAZ6H02H)。
2025-06-21 18:29:17,138 - INFO - 成功为用户 'gangding' 创建了订单 #3 (订单号: 5I3HMOIZ0Y7C)。
2025-06-21 18:29:17,138 - INFO - 准备为用户 'renguiying' 创建 5 个订单。
2025-06-21 18:29:17,149 - INFO - 成功为用户 'renguiying' 创建了订单 #1 (订单号: CPN49OPDCUPD)。
2025-06-21 18:29:17,160 - INFO - 成功为用户 'renguiying' 创建了订单 #2 (订单号: TDDZWCG5I0NF)。
2025-06-21 18:29:17,173 - INFO - 成功为用户 'renguiying' 创建了订单 #3 (订单号: ZRO1SAZPZDBD)。
2025-06-21 18:29:17,186 - INFO - 成功为用户 'renguiying' 创建了订单 #4 (订单号: 4KDNNSDE9CGC)。
2025-06-21 18:29:17,197 - INFO - 成功为用户 'renguiying' 创建了订单 #5 (订单号: 34ENVCTL3WQW)。
2025-06-21 18:29:17,198 - INFO - 准备为用户 'kqin' 创建 2 个订单。
2025-06-21 18:29:17,210 - INFO - 成功为用户 'kqin' 创建了订单 #1 (订单号: OSF566OL3C3X)。
2025-06-21 18:29:17,220 - INFO - 成功为用户 'kqin' 创建了订单 #2 (订单号: 7ZMB0OZ9LW5Y)。
2025-06-21 18:29:17,220 - INFO - 准备为用户 'junsong' 创建 5 个订单。
2025-06-21 18:29:17,230 - INFO - 成功为用户 'junsong' 创建了订单 #1 (订单号: 6P0E021D1ZDD)。
2025-06-21 18:29:17,240 - INFO - 成功为用户 'junsong' 创建了订单 #2 (订单号: V173TA9C7T9Y)。
2025-06-21 18:29:17,250 - INFO - 成功为用户 'junsong' 创建了订单 #3 (订单号: W4MAUBHC0CTV)。
2025-06-21 18:29:17,259 - INFO - 成功为用户 'junsong' 创建了订单 #4 (订单号: 59SKLMT7O4K3)。
2025-06-21 18:29:17,268 - INFO - 成功为用户 'junsong' 创建了订单 #5 (订单号: VPUI112M7TU4)。
2025-06-21 18:29:17,268 - INFO - 准备为用户 'tfan' 创建 4 个订单。
2025-06-21 18:29:17,276 - INFO - 成功为用户 'tfan' 创建了订单 #1 (订单号: LAZMUCRKIDYG)。
2025-06-21 18:29:17,285 - INFO - 成功为用户 'tfan' 创建了订单 #2 (订单号: KK0GWK21QQ7W)。
2025-06-21 18:29:17,296 - INFO - 成功为用户 'tfan' 创建了订单 #3 (订单号: T1F31ZDWIQOA)。
2025-06-21 18:29:17,305 - INFO - 成功为用户 'tfan' 创建了订单 #4 (订单号: FHLTD4SZS4ZK)。
2025-06-21 18:29:17,305 - INFO - 准备为用户 'esong' 创建 4 个订单。
2025-06-21 18:29:17,315 - INFO - 成功为用户 'esong' 创建了订单 #1 (订单号: CUOL2RDF27OA)。
2025-06-21 18:29:17,326 - INFO - 成功为用户 'esong' 创建了订单 #2 (订单号: OQRZ0BVZSA1Q)。
2025-06-21 18:29:17,336 - INFO - 成功为用户 'esong' 创建了订单 #3 (订单号: OD6CWRYPUCFD)。
2025-06-21 18:29:17,346 - INFO - 成功为用户 'esong' 创建了订单 #4 (订单号: R3C3O1EEBTTH)。
2025-06-21 18:29:17,346 - INFO - 准备为用户 'guoyang' 创建 1 个订单。
2025-06-21 18:29:17,355 - INFO - 成功为用户 'guoyang' 创建了订单 #1 (订单号: AUII7DN36X7S)。
2025-06-21 18:29:17,355 - INFO - 准备为用户 'ahuang' 创建 3 个订单。
2025-06-21 18:29:17,366 - INFO - 成功为用户 'ahuang' 创建了订单 #1 (订单号: 3M6TFGMTTY9S)。
2025-06-21 18:29:17,375 - INFO - 成功为用户 'ahuang' 创建了订单 #2 (订单号: NZJDQ99SRPR2)。
2025-06-21 18:29:17,384 - INFO - 成功为用户 'ahuang' 创建了订单 #3 (订单号: 1X501A7U8TEH)。
2025-06-21 18:29:17,384 - INFO - 准备为用户 'qiang61' 创建 2 个订单。
2025-06-21 18:29:17,394 - INFO - 成功为用户 'qiang61' 创建了订单 #1 (订单号: SMEIQ87Z5B6N)。
2025-06-21 18:29:17,402 - INFO - 成功为用户 'qiang61' 创建了订单 #2 (订单号: J79IR0REE013)。
2025-06-21 18:29:17,403 - INFO - 准备为用户 'taosun' 创建 5 个订单。
2025-06-21 18:29:17,412 - INFO - 成功为用户 'taosun' 创建了订单 #1 (订单号: 6XKKGJN1SVKW)。
2025-06-21 18:29:17,421 - INFO - 成功为用户 'taosun' 创建了订单 #2 (订单号: QWBDYI140JJF)。
2025-06-21 18:29:17,430 - INFO - 成功为用户 'taosun' 创建了订单 #3 (订单号: JVWHAQ8ZV6LD)。
2025-06-21 18:29:17,438 - INFO - 成功为用户 'taosun' 创建了订单 #4 (订单号: U36D0TKEKJ49)。
2025-06-21 18:29:17,447 - INFO - 成功为用户 'taosun' 创建了订单 #5 (订单号: U1V5NINK2ASM)。
2025-06-21 18:29:17,447 - INFO - 准备为用户 'ylu' 创建 4 个订单。
2025-06-21 18:29:17,456 - INFO - 成功为用户 'ylu' 创建了订单 #1 (订单号: SRN7XD4CFHKY)。
2025-06-21 18:29:17,466 - INFO - 成功为用户 'ylu' 创建了订单 #2 (订单号: EBJ1XPW58RRC)。
2025-06-21 18:29:17,476 - INFO - 成功为用户 'ylu' 创建了订单 #3 (订单号: OI95AN3IJOSM)。
2025-06-21 18:29:17,486 - INFO - 成功为用户 'ylu' 创建了订单 #4 (订单号: 486SGIZWIT35)。
2025-06-21 18:29:17,486 - INFO - 准备为用户 'suyang' 创建 2 个订单。
2025-06-21 18:29:17,495 - INFO - 成功为用户 'suyang' 创建了订单 #1 (订单号: MCI8G9XZLAKG)。
2025-06-21 18:29:17,504 - INFO - 成功为用户 'suyang' 创建了订单 #2 (订单号: OBMPCH68LJ88)。
2025-06-21 18:29:17,504 - INFO - 准备为用户 'fangxie' 创建 4 个订单。
2025-06-21 18:29:17,515 - INFO - 成功为用户 'fangxie' 创建了订单 #1 (订单号: PGR445ZL8DU6)。
2025-06-21 18:29:17,529 - INFO - 成功为用户 'fangxie' 创建了订单 #2 (订单号: 9BC7NYFMM5V5)。
2025-06-21 18:29:17,541 - INFO - 成功为用户 'fangxie' 创建了订单 #3 (订单号: IT1W1TZ8CXAJ)。
2025-06-21 18:29:17,551 - INFO - 成功为用户 'fangxie' 创建了订单 #4 (订单号: IC3FIDXLSPTC)。
2025-06-21 18:29:17,552 - INFO - 准备为用户 'qiang51' 创建 3 个订单。
2025-06-21 18:29:17,562 - INFO - 成功为用户 'qiang51' 创建了订单 #1 (订单号: L4APJ4252YZ4)。
2025-06-21 18:29:17,579 - INFO - 成功为用户 'qiang51' 创建了订单 #2 (订单号: CDTZ6C7DVB9C)。
2025-06-21 18:29:17,588 - INFO - 成功为用户 'qiang51' 创建了订单 #3 (订单号: SMRFEKC2USY4)。
2025-06-21 18:29:17,588 - INFO - 准备为用户 'wxia' 创建 1 个订单。
2025-06-21 18:29:17,597 - INFO - 成功为用户 'wxia' 创建了订单 #1 (订单号: BM8M7A0MYHRR)。
2025-06-21 18:29:17,597 - INFO - 准备为用户 'wei93' 创建 2 个订单。
2025-06-21 18:29:17,608 - INFO - 成功为用户 'wei93' 创建了订单 #1 (订单号: 4VTLQ48P07VD)。
2025-06-21 18:29:17,617 - INFO - 成功为用户 'wei93' 创建了订单 #2 (订单号: 0O58UPEOLF05)。
2025-06-21 18:29:17,617 - INFO - 准备为用户 'gang02' 创建 5 个订单。
2025-06-21 18:29:17,625 - INFO - 成功为用户 'gang02' 创建了订单 #1 (订单号: OMPD3S6IMLPH)。
2025-06-21 18:29:17,634 - INFO - 成功为用户 'gang02' 创建了订单 #2 (订单号: DSY23B3CWBFK)。
2025-06-21 18:29:17,642 - INFO - 成功为用户 'gang02' 创建了订单 #3 (订单号: AOECJZRLDMOK)。
2025-06-21 18:29:17,651 - INFO - 成功为用户 'gang02' 创建了订单 #4 (订单号: 44LUQVHLPBRC)。
2025-06-21 18:29:17,661 - INFO - 成功为用户 'gang02' 创建了订单 #5 (订单号: B3VUWCXVR8BJ)。
2025-06-21 18:29:17,661 - INFO - 准备为用户 'tianmin' 创建 2 个订单。
2025-06-21 18:29:17,670 - INFO - 成功为用户 'tianmin' 创建了订单 #1 (订单号: BZVXXOKHMQAT)。
2025-06-21 18:29:17,679 - INFO - 成功为用户 'tianmin' 创建了订单 #2 (订单号: 0BZYK477N1PW)。
2025-06-21 18:29:17,680 - INFO - 准备为用户 'zliao' 创建 4 个订单。
2025-06-21 18:29:17,689 - INFO - 成功为用户 'zliao' 创建了订单 #1 (订单号: 27NSELR1UVPV)。
2025-06-21 18:29:17,699 - INFO - 成功为用户 'zliao' 创建了订单 #2 (订单号: BWIDXRUDZZVA)。
2025-06-21 18:29:17,710 - INFO - 成功为用户 'zliao' 创建了订单 #3 (订单号: HU4V9AVI62OB)。
2025-06-21 18:29:17,720 - INFO - 成功为用户 'zliao' 创建了订单 #4 (订单号: 4EHJ13Y0JJ1R)。
2025-06-21 18:29:17,721 - INFO - 准备为用户 'xia11' 创建 1 个订单。
2025-06-21 18:29:17,730 - INFO - 成功为用户 'xia11' 创建了订单 #1 (订单号: NZFG0P0O5HDM)。
2025-06-21 18:29:17,730 - INFO - 准备为用户 'weifang' 创建 3 个订单。
2025-06-21 18:29:17,739 - INFO - 成功为用户 'weifang' 创建了订单 #1 (订单号: IH8XJ37F7ZAB)。
2025-06-21 18:29:17,749 - INFO - 成功为用户 'weifang' 创建了订单 #2 (订单号: 4V9BZNSITY15)。
2025-06-21 18:29:17,759 - INFO - 成功为用户 'weifang' 创建了订单 #3 (订单号: C5UN77005N63)。
2025-06-21 18:29:17,759 - INFO - 准备为用户 'zhoulei' 创建 2 个订单。
2025-06-21 18:29:17,769 - INFO - 成功为用户 'zhoulei' 创建了订单 #1 (订单号: EJZDESNZ6JE2)。
2025-06-21 18:29:17,779 - INFO - 成功为用户 'zhoulei' 创建了订单 #2 (订单号: 2YT8PY1HRZXT)。
2025-06-21 18:29:17,779 - INFO - 准备为用户 'yong24' 创建 1 个订单。
2025-06-21 18:29:17,789 - INFO - 成功为用户 'yong24' 创建了订单 #1 (订单号: NQJ2DYDIRFF8)。
2025-06-21 18:29:17,790 - INFO - 准备为用户 'jqiu' 创建 2 个订单。
2025-06-21 18:29:17,799 - INFO - 成功为用户 'jqiu' 创建了订单 #1 (订单号: UG5BSY498T9D)。
2025-06-21 18:29:17,808 - INFO - 成功为用户 'jqiu' 创建了订单 #2 (订单号: L2UQB4ZRGCKB)。
2025-06-21 18:29:17,808 - INFO - 准备为用户 'xiangping' 创建 3 个订单。
2025-06-21 18:29:17,818 - INFO - 成功为用户 'xiangping' 创建了订单 #1 (订单号: UXW5B893DESD)。
2025-06-21 18:29:17,828 - INFO - 成功为用户 'xiangping' 创建了订单 #2 (订单号: QNQDVLXJTK44)。
2025-06-21 18:29:17,838 - INFO - 成功为用户 'xiangping' 创建了订单 #3 (订单号: 6LNWBN81LS38)。
2025-06-21 18:29:17,838 - INFO - 准备为用户 'caoming' 创建 3 个订单。
2025-06-21 18:29:17,848 - INFO - 成功为用户 'caoming' 创建了订单 #1 (订单号: FGL3BALEXFLD)。
2025-06-21 18:29:17,858 - INFO - 成功为用户 'caoming' 创建了订单 #2 (订单号: 7FITYPML7M27)。
2025-06-21 18:29:17,867 - INFO - 成功为用户 'caoming' 创建了订单 #3 (订单号: UT9C0F0IV5R3)。
2025-06-21 18:29:17,867 - INFO - 准备为用户 'na66' 创建 1 个订单。
2025-06-21 18:29:17,876 - INFO - 成功为用户 'na66' 创建了订单 #1 (订单号: PSTSFDDYT4FE)。
2025-06-21 18:29:17,876 - INFO - 准备为用户 'guiying28' 创建 1 个订单。
2025-06-21 18:29:17,887 - INFO - 成功为用户 'guiying28' 创建了订单 #1 (订单号: W2123IUIGA9B)。
2025-06-21 18:29:17,887 - INFO - 准备为用户 'yiwei' 创建 1 个订单。
2025-06-21 18:29:17,897 - INFO - 成功为用户 'yiwei' 创建了订单 #1 (订单号: 76JUXWYMZAAG)。
2025-06-21 18:29:17,897 - INFO - 准备为用户 'yanfang' 创建 4 个订单。
2025-06-21 18:29:17,908 - INFO - 成功为用户 'yanfang' 创建了订单 #1 (订单号: B2G4YCFS91XN)。
2025-06-21 18:29:17,918 - INFO - 成功为用户 'yanfang' 创建了订单 #2 (订单号: GM59HHULPC99)。
2025-06-21 18:29:17,930 - INFO - 成功为用户 'yanfang' 创建了订单 #3 (订单号: ZC9YWOEA6PK3)。
2025-06-21 18:29:17,939 - INFO - 成功为用户 'yanfang' 创建了订单 #4 (订单号: 06VLM1YOPBA2)。
2025-06-21 18:29:17,939 - INFO - 准备为用户 'haogang' 创建 2 个订单。
2025-06-21 18:29:17,949 - INFO - 成功为用户 'haogang' 创建了订单 #1 (订单号: 3EP2XZSJ4SUY)。
2025-06-21 18:29:17,960 - INFO - 成功为用户 'haogang' 创建了订单 #2 (订单号: WVSC698RJ6A1)。
2025-06-21 18:29:17,960 - INFO - 准备为用户 'gangliang' 创建 3 个订单。
2025-06-21 18:29:17,969 - INFO - 成功为用户 'gangliang' 创建了订单 #1 (订单号: 2ZJNC8591G4S)。
2025-06-21 18:29:17,981 - INFO - 成功为用户 'gangliang' 创建了订单 #2 (订单号: GVEXXH017U8E)。
2025-06-21 18:29:17,992 - INFO - 成功为用户 'gangliang' 创建了订单 #3 (订单号: D3G9B8BRH4QJ)。
2025-06-21 18:29:17,992 - INFO - 准备为用户 'tbai' 创建 3 个订单。
2025-06-21 18:29:18,001 - INFO - 成功为用户 'tbai' 创建了订单 #1 (订单号: GUOI4ICVMAXB)。
2025-06-21 18:29:18,011 - INFO - 成功为用户 'tbai' 创建了订单 #2 (订单号: U4O8AHLAJ94U)。
2025-06-21 18:29:18,020 - INFO - 成功为用户 'tbai' 创建了订单 #3 (订单号: R57SGH4GYFMT)。
2025-06-21 18:29:18,020 - INFO - 准备为用户 'guiying30' 创建 5 个订单。
2025-06-21 18:29:18,030 - INFO - 成功为用户 'guiying30' 创建了订单 #1 (订单号: YMEJD6EKM0ZE)。
2025-06-21 18:29:18,040 - INFO - 成功为用户 'guiying30' 创建了订单 #2 (订单号: R9CQ6MBVH0FH)。
2025-06-21 18:29:18,050 - INFO - 成功为用户 'guiying30' 创建了订单 #3 (订单号: W2BSUBW6JDAX)。
2025-06-21 18:29:18,059 - INFO - 成功为用户 'guiying30' 创建了订单 #4 (订单号: 8BSXPA5YUO1Y)。
2025-06-21 18:29:18,069 - INFO - 成功为用户 'guiying30' 创建了订单 #5 (订单号: GUWZ58RNK81S)。
2025-06-21 18:29:18,069 - INFO - 准备为用户 'ping29' 创建 3 个订单。
2025-06-21 18:29:18,079 - INFO - 成功为用户 'ping29' 创建了订单 #1 (订单号: Z5ALO72YA8TI)。
2025-06-21 18:29:18,088 - INFO - 成功为用户 'ping29' 创建了订单 #2 (订单号: 4FRNLNUSQXST)。
2025-06-21 18:29:18,097 - INFO - 成功为用户 'ping29' 创建了订单 #3 (订单号: YV16FU635ON1)。
2025-06-21 18:29:18,097 - INFO - 准备为用户 'ming64' 创建 1 个订单。
2025-06-21 18:29:18,106 - INFO - 成功为用户 'ming64' 创建了订单 #1 (订单号: 4Y4JY75TVUDJ)。
2025-06-21 18:29:18,107 - INFO - 准备为用户 'liangxiulan' 创建 3 个订单。
2025-06-21 18:29:18,124 - INFO - 成功为用户 'liangxiulan' 创建了订单 #1 (订单号: ATNIDMIV00VR)。
2025-06-21 18:29:18,132 - INFO - 成功为用户 'liangxiulan' 创建了订单 #2 (订单号: EMEJWIZ9AZWG)。
2025-06-21 18:29:18,142 - INFO - 成功为用户 'liangxiulan' 创建了订单 #3 (订单号: NOB0UG28542Q)。
2025-06-21 18:29:18,142 - INFO - 准备为用户 'weiguo' 创建 3 个订单。
2025-06-21 18:29:18,152 - INFO - 成功为用户 'weiguo' 创建了订单 #1 (订单号: J8DQKTKM18AE)。
2025-06-21 18:29:18,163 - INFO - 成功为用户 'weiguo' 创建了订单 #2 (订单号: D8L7FBEWRVX9)。
2025-06-21 18:29:18,172 - INFO - 成功为用户 'weiguo' 创建了订单 #3 (订单号: CWMI7TQU8ZOE)。
2025-06-21 18:29:18,173 - INFO - 准备为用户 'juanliang' 创建 1 个订单。
2025-06-21 18:29:18,181 - INFO - 成功为用户 'juanliang' 创建了订单 #1 (订单号: QG87JOEY7RR7)。
2025-06-21 18:29:18,182 - INFO - 准备为用户 'pingchen' 创建 2 个订单。
2025-06-21 18:29:18,192 - INFO - 成功为用户 'pingchen' 创建了订单 #1 (订单号: WFJIUROLY920)。
2025-06-21 18:29:18,203 - INFO - 成功为用户 'pingchen' 创建了订单 #2 (订单号: NDQQIJGZ1TLD)。
2025-06-21 18:29:18,203 - INFO - 准备为用户 'wei05' 创建 4 个订单。
2025-06-21 18:29:18,213 - INFO - 成功为用户 'wei05' 创建了订单 #1 (订单号: FD8HSDHA72SX)。
2025-06-21 18:29:18,223 - INFO - 成功为用户 'wei05' 创建了订单 #2 (订单号: 94UGI57PBXSU)。
2025-06-21 18:29:18,232 - INFO - 成功为用户 'wei05' 创建了订单 #3 (订单号: 7CRP4CQOF56W)。
2025-06-21 18:29:18,243 - INFO - 成功为用户 'wei05' 创建了订单 #4 (订单号: RE8YE0VFY8HV)。
2025-06-21 18:29:18,243 - INFO - 准备为用户 'mingsong' 创建 4 个订单。
2025-06-21 18:29:18,253 - INFO - 成功为用户 'mingsong' 创建了订单 #1 (订单号: DKLKVXS6RD2O)。
2025-06-21 18:29:18,264 - INFO - 成功为用户 'mingsong' 创建了订单 #2 (订单号: PZRKLMNN0SVL)。
2025-06-21 18:29:18,273 - INFO - 成功为用户 'mingsong' 创建了订单 #3 (订单号: 0Q0DEXBL8JHL)。
2025-06-21 18:29:18,282 - INFO - 成功为用户 'mingsong' 创建了订单 #4 (订单号: 8KIRUQ25NOTO)。
2025-06-21 18:29:18,282 - INFO - 准备为用户 'guiying54' 创建 5 个订单。
2025-06-21 18:29:18,292 - INFO - 成功为用户 'guiying54' 创建了订单 #1 (订单号: R0NL72BD9J9C)。
2025-06-21 18:29:18,304 - INFO - 成功为用户 'guiying54' 创建了订单 #2 (订单号: PWJP156CLZ9J)。
2025-06-21 18:29:18,312 - INFO - 成功为用户 'guiying54' 创建了订单 #3 (订单号: EPEVGR25XWS9)。
2025-06-21 18:29:18,321 - INFO - 成功为用户 'guiying54' 创建了订单 #4 (订单号: V2SREKZPRJUR)。
2025-06-21 18:29:18,330 - INFO - 成功为用户 'guiying54' 创建了订单 #5 (订单号: WBL4K7YEDMK5)。
2025-06-21 18:29:18,330 - INFO - 准备为用户 'jshi' 创建 2 个订单。
2025-06-21 18:29:18,339 - INFO - 成功为用户 'jshi' 创建了订单 #1 (订单号: 5R2T3AWKA88T)。
2025-06-21 18:29:18,348 - INFO - 成功为用户 'jshi' 创建了订单 #2 (订单号: XALZCYKQ2ILJ)。
2025-06-21 18:29:18,349 - INFO - 准备为用户 'xtao' 创建 5 个订单。
2025-06-21 18:29:18,358 - INFO - 成功为用户 'xtao' 创建了订单 #1 (订单号: RWLC0UJO5CL8)。
2025-06-21 18:29:18,367 - INFO - 成功为用户 'xtao' 创建了订单 #2 (订单号: 47YJ6EMYM5BK)。
2025-06-21 18:29:18,376 - INFO - 成功为用户 'xtao' 创建了订单 #3 (订单号: K9XHSM0HL76F)。
2025-06-21 18:29:18,385 - INFO - 成功为用户 'xtao' 创建了订单 #4 (订单号: 5SJL305LHDV7)。
2025-06-21 18:29:18,395 - INFO - 成功为用户 'xtao' 创建了订单 #5 (订单号: WEOGDKRFRUIN)。
2025-06-21 18:29:18,395 - INFO - 准备为用户 'yan57' 创建 2 个订单。
2025-06-21 18:29:18,405 - INFO - 成功为用户 'yan57' 创建了订单 #1 (订单号: 3T9TL0X6PSDC)。
2025-06-21 18:29:18,415 - INFO - 成功为用户 'yan57' 创建了订单 #2 (订单号: WM4K569JQGJB)。
2025-06-21 18:29:18,415 - INFO - 准备为用户 'leixia' 创建 4 个订单。
2025-06-21 18:29:18,426 - INFO - 成功为用户 'leixia' 创建了订单 #1 (订单号: E2SR8RJHTYHE)。
2025-06-21 18:29:18,437 - INFO - 成功为用户 'leixia' 创建了订单 #2 (订单号: E13QBRNWH8DR)。
2025-06-21 18:29:18,446 - INFO - 成功为用户 'leixia' 创建了订单 #3 (订单号: 0MP6TKLYO08L)。
2025-06-21 18:29:18,454 - INFO - 成功为用户 'leixia' 创建了订单 #4 (订单号: 6I647W0Q3Y8V)。
2025-06-21 18:29:18,454 - INFO - 准备为用户 'jun32' 创建 1 个订单。
2025-06-21 18:29:18,465 - INFO - 成功为用户 'jun32' 创建了订单 #1 (订单号: CN57TC064X7C)。
2025-06-21 18:29:18,465 - INFO - 准备为用户 'xiulan95' 创建 5 个订单。
2025-06-21 18:29:18,476 - INFO - 成功为用户 'xiulan95' 创建了订单 #1 (订单号: D33TOM8ZG4W6)。
2025-06-21 18:29:18,486 - INFO - 成功为用户 'xiulan95' 创建了订单 #2 (订单号: CX5WRMIF852L)。
2025-06-21 18:29:18,496 - INFO - 成功为用户 'xiulan95' 创建了订单 #3 (订单号: E2GEK5THS5AC)。
2025-06-21 18:29:18,506 - INFO - 成功为用户 'xiulan95' 创建了订单 #4 (订单号: GFF12MYWS2AW)。
2025-06-21 18:29:18,515 - INFO - 成功为用户 'xiulan95' 创建了订单 #5 (订单号: T7SQBOKU9KI2)。
2025-06-21 18:29:18,515 - INFO - 准备为用户 'lei06' 创建 2 个订单。
2025-06-21 18:29:18,525 - INFO - 成功为用户 'lei06' 创建了订单 #1 (订单号: 09XYMA5JAER9)。
2025-06-21 18:29:18,534 - INFO - 成功为用户 'lei06' 创建了订单 #2 (订单号: VE64A0KUDTIS)。
2025-06-21 18:29:18,535 - INFO - 准备为用户 'yanma' 创建 4 个订单。
2025-06-21 18:29:18,544 - INFO - 成功为用户 'yanma' 创建了订单 #1 (订单号: QNL2Q0W6HAOP)。
2025-06-21 18:29:18,553 - INFO - 成功为用户 'yanma' 创建了订单 #2 (订单号: KEKTD8AM8V2Z)。
2025-06-21 18:29:18,563 - INFO - 成功为用户 'yanma' 创建了订单 #3 (订单号: YJNSQCX3HX7C)。
2025-06-21 18:29:18,573 - INFO - 成功为用户 'yanma' 创建了订单 #4 (订单号: I61VVCS4B08E)。
2025-06-21 18:29:18,573 - INFO - 准备为用户 'min86' 创建 5 个订单。
2025-06-21 18:29:18,582 - INFO - 成功为用户 'min86' 创建了订单 #1 (订单号: HQLX5OFRAQMX)。
2025-06-21 18:29:18,592 - INFO - 成功为用户 'min86' 创建了订单 #2 (订单号: PQ5R7XCZD6S9)。
2025-06-21 18:29:18,601 - INFO - 成功为用户 'min86' 创建了订单 #3 (订单号: 5IGV0DWH1EDQ)。
2025-06-21 18:29:18,610 - INFO - 成功为用户 'min86' 创建了订单 #4 (订单号: Y49HXA7R8T55)。
2025-06-21 18:29:18,619 - INFO - 成功为用户 'min86' 创建了订单 #5 (订单号: TDE2DRKLWU9I)。
2025-06-21 18:29:18,619 - INFO - 准备为用户 'bqian' 创建 5 个订单。
2025-06-21 18:29:18,628 - INFO - 成功为用户 'bqian' 创建了订单 #1 (订单号: LEV6B0O4IG2O)。
2025-06-21 18:29:18,637 - INFO - 成功为用户 'bqian' 创建了订单 #2 (订单号: ESPO73ABJ9KM)。
2025-06-21 18:29:18,645 - INFO - 成功为用户 'bqian' 创建了订单 #3 (订单号: IUBRF0672Z60)。
2025-06-21 18:29:18,653 - INFO - 成功为用户 'bqian' 创建了订单 #4 (订单号: IMR7AJ101ZHN)。
2025-06-21 18:29:18,672 - INFO - 成功为用户 'bqian' 创建了订单 #5 (订单号: XN6BTMARB7OC)。
2025-06-21 18:29:18,672 - INFO - 准备为用户 'xiulantian' 创建 1 个订单。
2025-06-21 18:29:18,680 - INFO - 成功为用户 'xiulantian' 创建了订单 #1 (订单号: 3N8KKVAQ8P9R)。
2025-06-21 18:29:18,680 - INFO - 准备为用户 'xiulan61' 创建 2 个订单。
2025-06-21 18:29:18,690 - INFO - 成功为用户 'xiulan61' 创建了订单 #1 (订单号: FHRU9DVOHAJ3)。
2025-06-21 18:29:18,700 - INFO - 成功为用户 'xiulan61' 创建了订单 #2 (订单号: BHHG16PJZ7Z9)。
2025-06-21 18:29:18,700 - INFO - 准备为用户 'xiayin' 创建 1 个订单。
2025-06-21 18:29:18,710 - INFO - 成功为用户 'xiayin' 创建了订单 #1 (订单号: N6V9TAL7CIYO)。
2025-06-21 18:29:18,711 - INFO - 准备为用户 'yang46' 创建 5 个订单。
2025-06-21 18:29:18,721 - INFO - 成功为用户 'yang46' 创建了订单 #1 (订单号: ZY2BD54RRUGL)。
2025-06-21 18:29:18,731 - INFO - 成功为用户 'yang46' 创建了订单 #2 (订单号: 37PNHYM6BWKL)。
2025-06-21 18:29:18,740 - INFO - 成功为用户 'yang46' 创建了订单 #3 (订单号: UU8XYAC68Q26)。
2025-06-21 18:29:18,750 - INFO - 成功为用户 'yang46' 创建了订单 #4 (订单号: 027QMRBCF158)。
2025-06-21 18:29:18,760 - INFO - 成功为用户 'yang46' 创建了订单 #5 (订单号: D28KMV45MCXR)。
2025-06-21 18:29:18,760 - INFO - 准备为用户 'yonglin' 创建 4 个订单。
2025-06-21 18:29:18,769 - INFO - 成功为用户 'yonglin' 创建了订单 #1 (订单号: 4QX4CKO1SUUM)。
2025-06-21 18:29:18,779 - INFO - 成功为用户 'yonglin' 创建了订单 #2 (订单号: NHEPA1MBXKL5)。
2025-06-21 18:29:18,789 - INFO - 成功为用户 'yonglin' 创建了订单 #3 (订单号: TQUHE96VNBIU)。
2025-06-21 18:29:18,800 - INFO - 成功为用户 'yonglin' 创建了订单 #4 (订单号: JH90PSMSTOL7)。
2025-06-21 18:29:18,800 - INFO - 准备为用户 'zhouwei' 创建 4 个订单。
2025-06-21 18:29:18,809 - INFO - 成功为用户 'zhouwei' 创建了订单 #1 (订单号: FOQF8ZHBMX1T)。
2025-06-21 18:29:18,819 - INFO - 成功为用户 'zhouwei' 创建了订单 #2 (订单号: OJ468XKFLWK0)。
2025-06-21 18:29:18,829 - INFO - 成功为用户 'zhouwei' 创建了订单 #3 (订单号: P8XX87LAWST4)。
2025-06-21 18:29:18,839 - INFO - 成功为用户 'zhouwei' 创建了订单 #4 (订单号: V9VLRI9SFLTX)。
2025-06-21 18:29:18,839 - INFO - 准备为用户 'laijie' 创建 1 个订单。
2025-06-21 18:29:18,850 - INFO - 成功为用户 'laijie' 创建了订单 #1 (订单号: KMAD07Q9UEIB)。
2025-06-21 18:29:18,850 - INFO - 准备为用户 'juan79' 创建 4 个订单。
2025-06-21 18:29:18,860 - INFO - 成功为用户 'juan79' 创建了订单 #1 (订单号: L8X5ZZCRSCI6)。
2025-06-21 18:29:18,872 - INFO - 成功为用户 'juan79' 创建了订单 #2 (订单号: 7NAHH5ME2UDA)。
2025-06-21 18:29:18,881 - INFO - 成功为用户 'juan79' 创建了订单 #3 (订单号: ZN3IU57N2AEB)。
2025-06-21 18:29:18,900 - INFO - 成功为用户 'juan79' 创建了订单 #4 (订单号: Q2MRNAOQMIQO)。
2025-06-21 18:29:18,900 - INFO - 准备为用户 'qcai' 创建 4 个订单。
2025-06-21 18:29:18,920 - INFO - 成功为用户 'qcai' 创建了订单 #1 (订单号: 9M6S6ROARNJX)。
2025-06-21 18:29:18,939 - INFO - 成功为用户 'qcai' 创建了订单 #2 (订单号: UZWL9WQ86R97)。
2025-06-21 18:29:18,952 - INFO - 成功为用户 'qcai' 创建了订单 #3 (订单号: XEPBIM3AYJOT)。
2025-06-21 18:29:18,966 - INFO - 成功为用户 'qcai' 创建了订单 #4 (订单号: SLWYEYOY33ES)。
2025-06-21 18:29:18,968 - INFO - 准备为用户 'houchao' 创建 2 个订单。
2025-06-21 18:29:18,979 - INFO - 成功为用户 'houchao' 创建了订单 #1 (订单号: 5AW3LIQ5NGEH)。
2025-06-21 18:29:18,989 - INFO - 成功为用户 'houchao' 创建了订单 #2 (订单号: MWCGLYD8ORN0)。
2025-06-21 18:29:18,989 - INFO - 准备为用户 'zcui' 创建 2 个订单。
2025-06-21 18:29:19,007 - INFO - 成功为用户 'zcui' 创建了订单 #1 (订单号: PNLNW96XNCZE)。
2025-06-21 18:29:19,020 - INFO - 成功为用户 'zcui' 创建了订单 #2 (订单号: OHDZUKWFBFYS)。
2025-06-21 18:29:19,020 - INFO - 准备为用户 'haojing' 创建 4 个订单。
2025-06-21 18:29:19,032 - INFO - 成功为用户 'haojing' 创建了订单 #1 (订单号: TI3BPL8YVDY9)。
2025-06-21 18:29:19,042 - INFO - 成功为用户 'haojing' 创建了订单 #2 (订单号: A7NBZQ835O5Y)。
2025-06-21 18:29:19,051 - INFO - 成功为用户 'haojing' 创建了订单 #3 (订单号: U7O698H0SZMS)。
2025-06-21 18:29:19,060 - INFO - 成功为用户 'haojing' 创建了订单 #4 (订单号: D1XYZJGOZVL7)。
2025-06-21 18:29:19,060 - INFO - 准备为用户 'jiezhong' 创建 1 个订单。
2025-06-21 18:29:19,069 - INFO - 成功为用户 'jiezhong' 创建了订单 #1 (订单号: LFKSFAURS05P)。
2025-06-21 18:29:19,069 - INFO - 准备为用户 'ashen' 创建 1 个订单。
2025-06-21 18:29:19,080 - INFO - 成功为用户 'ashen' 创建了订单 #1 (订单号: RR6Y18LTUL9V)。
2025-06-21 18:29:19,080 - INFO - 准备为用户 'leisu' 创建 2 个订单。
2025-06-21 18:29:19,090 - INFO - 成功为用户 'leisu' 创建了订单 #1 (订单号: 6248OI0TEMFI)。
2025-06-21 18:29:19,098 - INFO - 成功为用户 'leisu' 创建了订单 #2 (订单号: 3D6H4297OOBM)。
2025-06-21 18:29:19,099 - INFO - 准备为用户 'li26' 创建 2 个订单。
2025-06-21 18:29:19,108 - INFO - 成功为用户 'li26' 创建了订单 #1 (订单号: JT38O0YE41PD)。
2025-06-21 18:29:19,120 - INFO - 成功为用户 'li26' 创建了订单 #2 (订单号: XUP0E1FUBBZR)。
2025-06-21 18:29:19,120 - INFO - 准备为用户 'nshao' 创建 1 个订单。
2025-06-21 18:29:19,130 - INFO - 成功为用户 'nshao' 创建了订单 #1 (订单号: WBTES063Q5ZH)。
2025-06-21 18:29:19,130 - INFO - 准备为用户 'rfeng' 创建 3 个订单。
2025-06-21 18:29:19,143 - INFO - 成功为用户 'rfeng' 创建了订单 #1 (订单号: P12WYDQYPYA7)。
2025-06-21 18:29:19,153 - INFO - 成功为用户 'rfeng' 创建了订单 #2 (订单号: X05SMGN60HWL)。
2025-06-21 18:29:19,162 - INFO - 成功为用户 'rfeng' 创建了订单 #3 (订单号: 5ZWTAMFQ8Y42)。
2025-06-21 18:29:19,162 - INFO - 准备为用户 'xzhang' 创建 1 个订单。
2025-06-21 18:29:19,172 - INFO - 成功为用户 'xzhang' 创建了订单 #1 (订单号: DOMN3ET5H37C)。
2025-06-21 18:29:19,172 - INFO - 准备为用户 'yongsun' 创建 3 个订单。
2025-06-21 18:29:19,182 - INFO - 成功为用户 'yongsun' 创建了订单 #1 (订单号: A55747KMBONK)。
2025-06-21 18:29:19,192 - INFO - 成功为用户 'yongsun' 创建了订单 #2 (订单号: 3C0BU0HBWGID)。
2025-06-21 18:29:19,203 - INFO - 成功为用户 'yongsun' 创建了订单 #3 (订单号: XLZTDSVLCWC7)。
2025-06-21 18:29:19,203 - INFO - 准备为用户 'liaofang' 创建 5 个订单。
2025-06-21 18:29:19,212 - INFO - 成功为用户 'liaofang' 创建了订单 #1 (订单号: GAAIE6S771B0)。
2025-06-21 18:29:19,222 - INFO - 成功为用户 'liaofang' 创建了订单 #2 (订单号: 7FMWRW4R99QD)。
2025-06-21 18:29:19,230 - INFO - 成功为用户 'liaofang' 创建了订单 #3 (订单号: H9W0K0PFVTSQ)。
2025-06-21 18:29:19,239 - INFO - 成功为用户 'liaofang' 创建了订单 #4 (订单号: VNKAGCQIWUT3)。
2025-06-21 18:29:19,249 - INFO - 成功为用户 'liaofang' 创建了订单 #5 (订单号: 8DJSSCKR0Z6Q)。
2025-06-21 18:29:19,250 - INFO - 准备为用户 'junduan' 创建 5 个订单。
2025-06-21 18:29:19,260 - INFO - 成功为用户 'junduan' 创建了订单 #1 (订单号: BB22I84ET10H)。
2025-06-21 18:29:19,269 - INFO - 成功为用户 'junduan' 创建了订单 #2 (订单号: VI25GZ5XID19)。
2025-06-21 18:29:19,288 - INFO - 成功为用户 'junduan' 创建了订单 #3 (订单号: QLHH9PMLW2AC)。
2025-06-21 18:29:19,300 - INFO - 成功为用户 'junduan' 创建了订单 #4 (订单号: RE95NUHQRHQN)。
2025-06-21 18:29:19,309 - INFO - 成功为用户 'junduan' 创建了订单 #5 (订单号: W2R9ACCDCPPD)。
2025-06-21 18:29:19,310 - INFO - 准备为用户 'leiyan' 创建 3 个订单。
2025-06-21 18:29:19,320 - INFO - 成功为用户 'leiyan' 创建了订单 #1 (订单号: BTGW3J3F4O9T)。
2025-06-21 18:29:19,337 - INFO - 成功为用户 'leiyan' 创建了订单 #2 (订单号: GLXOCF55YBM5)。
2025-06-21 18:29:19,357 - INFO - 成功为用户 'leiyan' 创建了订单 #3 (订单号: KQFXDYR8T6B7)。
2025-06-21 18:29:19,357 - INFO - 准备为用户 'yang90' 创建 4 个订单。
2025-06-21 18:29:19,371 - INFO - 成功为用户 'yang90' 创建了订单 #1 (订单号: 8V85Z9TKI987)。
2025-06-21 18:29:19,387 - INFO - 成功为用户 'yang90' 创建了订单 #2 (订单号: VJ9AC5YSH05E)。
2025-06-21 18:29:19,429 - INFO - 成功为用户 'yang90' 创建了订单 #3 (订单号: 7UUVWKO973FS)。
2025-06-21 18:29:19,440 - INFO - 成功为用户 'yang90' 创建了订单 #4 (订单号: I58FL7TP6OZN)。
2025-06-21 18:29:19,440 - INFO - 准备为用户 'duming' 创建 2 个订单。
2025-06-21 18:29:19,451 - INFO - 成功为用户 'duming' 创建了订单 #1 (订单号: AVRJZRZTQ6QA)。
2025-06-21 18:29:19,462 - INFO - 成功为用户 'duming' 创建了订单 #2 (订单号: JY9MQI0F0IXS)。
2025-06-21 18:29:19,462 - INFO - 准备为用户 'abai' 创建 2 个订单。
2025-06-21 18:29:19,472 - INFO - 成功为用户 'abai' 创建了订单 #1 (订单号: 3RKF731SJXKW)。
2025-06-21 18:29:19,483 - INFO - 成功为用户 'abai' 创建了订单 #2 (订单号: J5KHQP805MCL)。
2025-06-21 18:29:19,483 - INFO - 准备为用户 'lgong' 创建 2 个订单。
2025-06-21 18:29:19,494 - INFO - 成功为用户 'lgong' 创建了订单 #1 (订单号: LELRT0OIH9TM)。
2025-06-21 18:29:19,505 - INFO - 成功为用户 'lgong' 创建了订单 #2 (订单号: CIULS7IJGRUR)。
2025-06-21 18:29:19,505 - INFO - 准备为用户 'cgu' 创建 1 个订单。
2025-06-21 18:29:19,516 - INFO - 成功为用户 'cgu' 创建了订单 #1 (订单号: AJ6VB37OMZGZ)。
2025-06-21 18:29:19,516 - INFO - 准备为用户 'gang27' 创建 5 个订单。
2025-06-21 18:29:19,527 - INFO - 成功为用户 'gang27' 创建了订单 #1 (订单号: AM8FC74VZ8GB)。
2025-06-21 18:29:19,537 - INFO - 成功为用户 'gang27' 创建了订单 #2 (订单号: IEWO0XAGOB57)。
2025-06-21 18:29:19,548 - INFO - 成功为用户 'gang27' 创建了订单 #3 (订单号: T9CP8663NNGV)。
2025-06-21 18:29:19,559 - INFO - 成功为用户 'gang27' 创建了订单 #4 (订单号: VLA7QK21N2FG)。
2025-06-21 18:29:19,569 - INFO - 成功为用户 'gang27' 创建了订单 #5 (订单号: 6GZJ0ZD7HRLW)。
2025-06-21 18:29:19,569 - INFO - 批量创建订单过程已完成。
